#-----------------------------------------------------------
# Webtalk v2017.1 (64-bit)
# SW Build 1846317 on Fri Apr 14 18:54:47 MDT 2017
# IP Build 1846188 on Fri Apr 14 20:52:08 MDT 2017
# Start of session at: Wed Mar 13 12:43:02 2019
# Process ID: 579
# Current directory: /users/students/r0622838/digital-design-flow-aes/AES128-vivado/AES128-vivado.sim/sim_1/synth/timing
# Command line: wbtcv -mode batch -source /users/students/r0622838/digital-design-flow-aes/AES128-vivado/AES128-vivado.sim/sim_1/synth/timing/xsim.dir/AES128_tb_time_synth/webtalk/xsim_webtalk.tcl -notrace
# Log file: /users/students/r0622838/digital-design-flow-aes/AES128-vivado/AES128-vivado.sim/sim_1/synth/timing/webtalk.log
# Journal file: /users/students/r0622838/digital-design-flow-aes/AES128-vivado/AES128-vivado.sim/sim_1/synth/timing/webtalk.jou
#-----------------------------------------------------------
source /users/students/r0622838/digital-design-flow-aes/AES128-vivado/AES128-vivado.sim/sim_1/synth/timing/xsim.dir/AES128_tb_time_synth/webtalk/xsim_webtalk.tcl -notrace
